0 verbose cli /data/data/com.termux/files/usr/bin/node /data/data/com.termux/files/usr/bin/npm
1 info using npm@11.17.0
2 info using node@v26.3.1
3 silly config load:file:/data/data/com.termux/files/usr/lib/node_modules/npm/npmrc
4 silly config load:file:/data/data/com.termux/files/home/.npmrc
5 silly config load:file:/data/data/com.termux/files/usr/etc/npmrc
6 verbose title npm install
7 verbose argv "install"
8 verbose logfile logs-max:10 dir:/data/data/com.termux/files/home/.npm/_logs/2026-09-29T15_51_02_602Z-
9 verbose logfile /data/data/com.termux/files/home/.npm/_logs/2026-09-29T15_51_02_602Z-debug-0.log
10 silly logfile start cleaning logs, removing 1 files
11 silly logfile done cleaning log files
12 silly packumentCache heap:1174405120 maxSize:293601280 maxEntrySize:146800640
13 silly idealTree buildDeps
14 silly reify moves {}
15 silly audit bulk request {
15 silly audit   '@discordjs/builders': [ '1.14.1' ],
15 silly audit   '@discordjs/collection': [ '1.5.3', '2.1.1' ],
15 silly audit   '@discordjs/formatters': [ '0.6.2' ],
15 silly audit   '@discordjs/rest': [ '2.6.3' ],
15 silly audit   '@discordjs/util': [ '1.2.0' ],
15 silly audit   '@discordjs/ws': [ '1.2.3' ],
15 silly audit   '@sapphire/async-queue': [ '1.5.5' ],
15 silly audit   '@sapphire/shapeshift': [ '4.0.0' ],
15 silly audit   '@sapphire/snowflake': [ '3.5.5' ],
15 silly audit   '@types/node': [ '26.2.0' ],
15 silly audit   '@types/ws': [ '8.18.1' ],
15 silly audit   '@vladfrangu/async_event_emitter': [ '2.4.7' ],
15 silly audit   accepts: [ '2.0.0' ],
15 silly audit   'body-parser': [ '2.3.0' ],
15 silly audit   'content-type': [ '2.1.0', '1.0.5' ],
15 silly audit   bytes: [ '3.1.2' ],
15 silly audit   'call-bind-apply-helpers': [ '1.0.2' ],
15 silly audit   'call-bound': [ '1.0.4' ],
15 silly audit   'content-disposition': [ '1.1.0' ],
15 silly audit   cookie: [ '0.7.2' ],
15 silly audit   'cookie-signature': [ '1.2.2' ],
15 silly audit   debug: [ '4.4.3' ],
15 silly audit   depd: [ '2.0.0' ],
15 silly audit   'discord-api-types': [ '0.38.53' ],
15 silly audit   'discord.js': [ '14.27.0' ],
15 silly audit   'dunder-proto': [ '1.0.1' ],
15 silly audit   'ee-first': [ '1.1.1' ],
15 silly audit   encodeurl: [ '2.0.0' ],
15 silly audit   'es-define-property': [ '1.0.1' ],
15 silly audit   'es-errors': [ '1.3.0' ],
15 silly audit   'es-object-atoms': [ '1.1.2' ],
15 silly audit   'escape-html': [ '1.0.3' ],
15 silly audit   etag: [ '1.8.1' ],
15 silly audit   express: [ '5.2.1' ],
15 silly audit   'fast-deep-equal': [ '3.1.3' ],
15 silly audit   finalhandler: [ '2.1.1' ],
15 silly audit   forwarded: [ '0.2.0' ],
15 silly audit   fresh: [ '2.0.0' ],
15 silly audit   'function-bind': [ '1.1.2' ],
15 silly audit   'get-intrinsic': [ '1.3.0' ],
15 silly audit   'get-proto': [ '1.0.1' ],
15 silly audit   gopd: [ '1.2.0' ],
15 silly audit   'has-symbols': [ '1.1.0' ],
15 silly audit   hasown: [ '2.0.4' ],
15 silly audit   'http-errors': [ '2.0.1' ],
15 silly audit   'iconv-lite': [ '0.7.3' ],
15 silly audit   inherits: [ '2.0.4' ],
15 silly audit   'ipaddr.js': [ '1.9.1' ],
15 silly audit   'is-promise': [ '4.0.0' ],
15 silly audit   lodash: [ '4.18.1' ],
15 silly audit   'lodash.snakecase': [ '4.1.1' ],
15 silly audit   'magic-bytes.js': [ '1.13.1' ],
15 silly audit   'math-intrinsics': [ '1.1.0' ],
15 silly audit   'media-typer': [ '1.1.1' ],
15 silly audit   'merge-descriptors': [ '2.0.0' ],
15 silly audit   'mime-db': [ '1.54.0' ],
15 silly audit   'mime-types': [ '3.0.2' ],
15 silly audit   ms: [ '2.1.3' ],
15 silly audit   negotiator: [ '1.1.0' ],
15 silly audit   'object-inspect': [ '1.13.4' ],
15 silly audit   'on-finished': [ '2.4.1' ],
15 silly audit   once: [ '1.4.0' ],
15 silly audit   parseurl: [ '1.3.3' ],
15 silly audit   'path-to-regexp': [ '8.4.2' ],
15 silly audit   'proxy-addr': [ '2.0.7' ],
15 silly audit   qs: [ '6.15.3' ],
15 silly audit   'range-parser': [ '1.3.0' ],
15 silly audit   'raw-body': [ '3.0.2' ],
15 silly audit   router: [ '2.2.0' ],
15 silly audit   'safer-buffer': [ '2.1.2' ],
15 silly audit   send: [ '1.2.1' ],
15 silly audit   'serve-static': [ '2.2.1' ],
15 silly audit   setprototypeof: [ '1.2.0' ],
15 silly audit   'side-channel': [ '1.1.1' ],
15 silly audit   'side-channel-list': [ '1.0.1' ],
15 silly audit   'side-channel-map': [ '1.0.1' ],
15 silly audit   'side-channel-weakmap': [ '1.0.2' ],
15 silly audit   statuses: [ '2.0.2' ],
15 silly audit   toidentifier: [ '1.0.1' ],
15 silly audit   'ts-mixer': [ '6.0.4' ],
15 silly audit   tslib: [ '2.8.1' ],
15 silly audit   'type-is': [ '2.1.0' ],
15 silly audit   undici: [ '6.28.0' ],
15 silly audit   'undici-types': [ '8.3.0' ],
15 silly audit   unpipe: [ '1.0.0' ],
15 silly audit   vary: [ '1.1.2' ],
15 silly audit   wrappy: [ '1.0.2' ],
15 silly audit   ws: [ '8.21.3' ]
15 silly audit }
16 http fetch POST 200 https://registry.npmjs.org/-/npm/v1/security/advisories/bulk 1066ms
17 silly audit report {
17 silly audit report   qs: [
17 silly audit report     {
17 silly audit report       id: 1158506,
17 silly audit report       url: 'https://github.com/advisories/GHSA-x5fp-wj9c-mxmx',
17 silly audit report       title: 'qs array-limit bypass via bracket-key comma parsing',
17 silly audit report       severity: 'moderate',
17 silly audit report       vulnerable_versions: '>=6.14.2 <=6.15.3',
17 silly audit report       cwe: [Array],
17 silly audit report       cvss: [Object]
17 silly audit report     },
17 silly audit report     {
17 silly audit report       id: 1158507,
17 silly audit report       url: 'https://github.com/advisories/GHSA-4mjr-xmp4-gh2g',
17 silly audit report       title: 'qs: Denial of Service via Attacker Controlled isBuffer',
17 silly audit report       severity: 'moderate',
17 silly audit report       vulnerable_versions: '>=2.2.5 <6.16.0',
17 silly audit report       cwe: [Array],
17 silly audit report       cvss: [Object]
17 silly audit report     }
17 silly audit report   ],
17 silly audit report   undici: [
17 silly audit report     {
17 silly audit report       id: 1239934,
17 silly audit report       url: 'https://github.com/advisories/GHSA-3wwx-pv8p-q78v',
17 silly audit report       title: 'undici vulnerable to Denial of Service via unhandled error in WebSocket permessage-deflate decompression',
17 silly audit report       severity: 'moderate',
17 silly audit report       vulnerable_versions: '>=6.25.0 <6.28.1',
17 silly audit report       cwe: [Array],
17 silly audit report       cvss: [Object]
17 silly audit report     }
17 silly audit report   ]
17 silly audit report }
18 silly packumentCache corgi:https://registry.npmjs.org/qs cache-miss
19 silly packumentCache corgi:https://registry.npmjs.org/undici cache-miss
20 http cache https://registry.npmjs.org/qs 82ms (cache hit)
21 silly packumentCache corgi:https://registry.npmjs.org/qs set size:149425 disposed:false
22 http cache https://registry.npmjs.org/undici 99ms (cache hit)
23 silly packumentCache corgi:https://registry.npmjs.org/undici set size:467781 disposed:false
24 silly packumentCache corgi:https://registry.npmjs.org/body-parser cache-miss
25 silly packumentCache corgi:https://registry.npmjs.org/express cache-miss
26 http cache https://registry.npmjs.org/body-parser 35ms (cache hit)
27 silly packumentCache corgi:https://registry.npmjs.org/body-parser set size:82509 disposed:false
28 http cache https://registry.npmjs.org/express 47ms (cache hit)
29 silly packumentCache corgi:https://registry.npmjs.org/express set size:341170 disposed:false
30 silly packumentCache corgi:https://registry.npmjs.org/@discordjs%2frest cache-miss
31 silly packumentCache corgi:https://registry.npmjs.org/discord.js cache-miss
32 http cache https://registry.npmjs.org/@discordjs%2frest 52ms (cache hit)
33 silly packumentCache corgi:https://registry.npmjs.org/@discordjs%2frest set size:2962721 disposed:false
34 http cache https://registry.npmjs.org/discord.js 562ms (cache hit)
35 silly packumentCache corgi:https://registry.npmjs.org/discord.js set size:4108287 disposed:false
36 verbose cwd /data/data/com.termux/files/home
37 verbose os Linux 6.12.30-android16-5-g6e872b4863d6-ab13847919-4k
38 verbose node v26.3.1
39 verbose npm  v11.17.0
40 verbose exit 0
41 info ok
