0 verbose cli /data/data/com.termux/files/usr/bin/node /data/data/com.termux/files/usr/bin/npm
1 info using npm@11.17.0
2 info using node@v26.3.1
3 silly config load:file:/data/data/com.termux/files/usr/lib/node_modules/npm/npmrc
4 silly config load:file:/data/data/com.termux/files/home/.npmrc
5 silly config load:file:/data/data/com.termux/files/usr/etc/npmrc
6 verbose title npm install discord.js
7 verbose argv "install" "discord.js"
8 verbose logfile logs-max:10 dir:/data/data/com.termux/files/home/.npm/_logs/2026-09-12T11_20_15_242Z-
9 verbose logfile /data/data/com.termux/files/home/.npm/_logs/2026-09-12T11_20_15_242Z-debug-0.log
10 silly logfile done cleaning log files
11 silly packumentCache heap:1174405120 maxSize:293601280 maxEntrySize:146800640
12 silly idealTree buildDeps
13 silly fetch manifest discord.js@^14.27.0
14 silly packumentCache full:https://registry.npmjs.org/discord.js cache-miss
15 http fetch GET 200 https://registry.npmjs.org/npm 2242ms
16 http fetch GET 200 https://registry.npmjs.org/discord.js 2320ms (cache updated)
17 silly packumentCache full:https://registry.npmjs.org/discord.js set size:undefined disposed:false
18 silly placeDep ROOT discord.js@14.27.0 REPLACE for: home@1.0.0 want: ^14.27.0
19 silly reify moves {}
20 silly audit bulk request {
20 silly audit   '@discordjs/builders': [ '1.14.1' ],
20 silly audit   '@discordjs/collection': [ '1.5.3', '2.1.1' ],
20 silly audit   '@discordjs/formatters': [ '0.6.2' ],
20 silly audit   '@discordjs/rest': [ '2.6.3' ],
20 silly audit   '@discordjs/util': [ '1.2.0' ],
20 silly audit   '@discordjs/ws': [ '1.2.3' ],
20 silly audit   '@sapphire/async-queue': [ '1.5.5' ],
20 silly audit   '@sapphire/shapeshift': [ '4.0.0' ],
20 silly audit   '@sapphire/snowflake': [ '3.5.5' ],
20 silly audit   '@types/node': [ '26.2.0' ],
20 silly audit   '@types/ws': [ '8.18.1' ],
20 silly audit   '@vladfrangu/async_event_emitter': [ '2.4.7' ],
20 silly audit   accepts: [ '2.0.0' ],
20 silly audit   'body-parser': [ '2.3.0' ],
20 silly audit   'content-type': [ '2.1.0', '1.0.5' ],
20 silly audit   bytes: [ '3.1.2' ],
20 silly audit   'call-bind-apply-helpers': [ '1.0.2' ],
20 silly audit   'call-bound': [ '1.0.4' ],
20 silly audit   'content-disposition': [ '1.1.0' ],
20 silly audit   cookie: [ '0.7.2' ],
20 silly audit   'cookie-signature': [ '1.2.2' ],
20 silly audit   debug: [ '4.4.3' ],
20 silly audit   depd: [ '2.0.0' ],
20 silly audit   'discord-api-types': [ '0.38.53' ],
20 silly audit   'dunder-proto': [ '1.0.1' ],
20 silly audit   'ee-first': [ '1.1.1' ],
20 silly audit   encodeurl: [ '2.0.0' ],
20 silly audit   'es-define-property': [ '1.0.1' ],
20 silly audit   'es-errors': [ '1.3.0' ],
20 silly audit   'es-object-atoms': [ '1.1.2' ],
20 silly audit   'escape-html': [ '1.0.3' ],
20 silly audit   etag: [ '1.8.1' ],
20 silly audit   express: [ '5.2.1' ],
20 silly audit   'fast-deep-equal': [ '3.1.3' ],
20 silly audit   finalhandler: [ '2.1.1' ],
20 silly audit   forwarded: [ '0.2.0' ],
20 silly audit   fresh: [ '2.0.0' ],
20 silly audit   'function-bind': [ '1.1.2' ],
20 silly audit   'get-intrinsic': [ '1.3.0' ],
20 silly audit   'get-proto': [ '1.0.1' ],
20 silly audit   gopd: [ '1.2.0' ],
20 silly audit   'has-symbols': [ '1.1.0' ],
20 silly audit   hasown: [ '2.0.4' ],
20 silly audit   'http-errors': [ '2.0.1' ],
20 silly audit   'iconv-lite': [ '0.7.3' ],
20 silly audit   inherits: [ '2.0.4' ],
20 silly audit   'ipaddr.js': [ '1.9.1' ],
20 silly audit   'is-promise': [ '4.0.0' ],
20 silly audit   lodash: [ '4.18.1' ],
20 silly audit   'lodash.snakecase': [ '4.1.1' ],
20 silly audit   'magic-bytes.js': [ '1.13.1' ],
20 silly audit   'math-intrinsics': [ '1.1.0' ],
20 silly audit   'media-typer': [ '1.1.1' ],
20 silly audit   'merge-descriptors': [ '2.0.0' ],
20 silly audit   'mime-db': [ '1.54.0' ],
20 silly audit   'mime-types': [ '3.0.2' ],
20 silly audit   ms: [ '2.1.3' ],
20 silly audit   negotiator: [ '1.1.0' ],
20 silly audit   'object-inspect': [ '1.13.4' ],
20 silly audit   'on-finished': [ '2.4.1' ],
20 silly audit   once: [ '1.4.0' ],
20 silly audit   parseurl: [ '1.3.3' ],
20 silly audit   'path-to-regexp': [ '8.4.2' ],
20 silly audit   'proxy-addr': [ '2.0.7' ],
20 silly audit   qs: [ '6.15.3' ],
20 silly audit   'range-parser': [ '1.3.0' ],
20 silly audit   'raw-body': [ '3.0.2' ],
20 silly audit   router: [ '2.2.0' ],
20 silly audit   'safer-buffer': [ '2.1.2' ],
20 silly audit   send: [ '1.2.1' ],
20 silly audit   'serve-static': [ '2.2.1' ],
20 silly audit   setprototypeof: [ '1.2.0' ],
20 silly audit   'side-channel': [ '1.1.1' ],
20 silly audit   'side-channel-list': [ '1.0.1' ],
20 silly audit   'side-channel-map': [ '1.0.1' ],
20 silly audit   'side-channel-weakmap': [ '1.0.2' ],
20 silly audit   statuses: [ '2.0.2' ],
20 silly audit   toidentifier: [ '1.0.1' ],
20 silly audit   'ts-mixer': [ '6.0.4' ],
20 silly audit   tslib: [ '2.8.1' ],
20 silly audit   'type-is': [ '2.1.0' ],
20 silly audit   undici: [ '6.28.0' ],
20 silly audit   'undici-types': [ '8.3.0' ],
20 silly audit   unpipe: [ '1.0.0' ],
20 silly audit   vary: [ '1.1.2' ],
20 silly audit   wrappy: [ '1.0.2' ],
20 silly audit   ws: [ '8.21.3' ],
20 silly audit   'discord.js': [ '14.27.0' ]
20 silly audit }
21 http fetch POST 200 https://registry.npmjs.org/-/npm/v1/security/advisories/bulk 289ms
22 silly audit report {
22 silly audit report   qs: [
22 silly audit report     {
22 silly audit report       id: 1158506,
22 silly audit report       url: 'https://github.com/advisories/GHSA-x5fp-wj9c-mxmx',
22 silly audit report       title: 'qs array-limit bypass via bracket-key comma parsing',
22 silly audit report       severity: 'moderate',
22 silly audit report       vulnerable_versions: '>=6.14.2 <=6.15.3',
22 silly audit report       cwe: [Array],
22 silly audit report       cvss: [Object]
22 silly audit report     },
22 silly audit report     {
22 silly audit report       id: 1158507,
22 silly audit report       url: 'https://github.com/advisories/GHSA-4mjr-xmp4-gh2g',
22 silly audit report       title: 'qs: Denial of Service via Attacker Controlled isBuffer',
22 silly audit report       severity: 'moderate',
22 silly audit report       vulnerable_versions: '>=2.2.5 <6.16.0',
22 silly audit report       cwe: [Array],
22 silly audit report       cvss: [Object]
22 silly audit report     }
22 silly audit report   ]
22 silly audit report }
23 silly packumentCache corgi:https://registry.npmjs.org/qs cache-miss
24 http fetch GET 200 https://registry.npmjs.org/qs 159ms (cache miss)
25 silly packumentCache corgi:https://registry.npmjs.org/qs set size:undefined disposed:false
26 silly packumentCache corgi:https://registry.npmjs.org/body-parser cache-miss
27 silly packumentCache corgi:https://registry.npmjs.org/express cache-miss
28 http fetch GET 200 https://registry.npmjs.org/body-parser 161ms (cache miss)
29 silly packumentCache corgi:https://registry.npmjs.org/body-parser set size:undefined disposed:false
30 http fetch GET 200 https://registry.npmjs.org/express 229ms (cache miss)
31 silly packumentCache corgi:https://registry.npmjs.org/express set size:undefined disposed:false
32 verbose cwd /data/data/com.termux/files/home/bot-tutien
33 verbose os Linux 6.12.30-android16-5-g6e872b4863d6-ab13847919-4k
34 verbose node v26.3.1
35 verbose npm  v11.17.0
36 notice
36 notice New [31mmajor[39m version of npm available! [31m11.17.0[39m -> [34m12.0.2[39m
36 notice Changelog: [34mhttps://github.com/npm/cli/releases/tag/v12.0.2[39m
36 notice To update run: [4mnpm install -g npm@12.0.2[24m
36 notice  { force: true, Symbol(proc-log.meta): true }
37 verbose exit 0
38 info ok
